etc/alternatives/awk	/usr/bin/gawk
etc/alternatives/awk.1.gz	/usr/share/man/man1/gawk.1.gz
etc/alternatives/builtins.7.gz	/usr/share/man/man7/bash-builtins.7.gz
etc/alternatives/lzcat	/usr/bin/xzcat
etc/alternatives/lzcat.1.gz	/usr/share/man/man1/xzcat.1.gz
etc/alternatives/lzcmp	/usr/bin/xzcmp
etc/alternatives/lzcmp.1.gz	/usr/share/man/man1/xzcmp.1.gz
etc/alternatives/lzdiff	/usr/bin/xzdiff
etc/alternatives/lzdiff.1.gz	/usr/share/man/man1/xzdiff.1.gz
etc/alternatives/lzegrep	/usr/bin/xzegrep
etc/alternatives/lzegrep.1.gz	/usr/share/man/man1/xzegrep.1.gz
etc/alternatives/lzfgrep	/usr/bin/xzfgrep
etc/alternatives/lzfgrep.1.gz	/usr/share/man/man1/xzfgrep.1.gz
etc/alternatives/lzgrep	/usr/bin/xzgrep
etc/alternatives/lzgrep.1.gz	/usr/share/man/man1/xzgrep.1.gz
etc/alternatives/lzless	/usr/bin/xzless
etc/alternatives/lzless.1.gz	/usr/share/man/man1/xzless.1.gz
etc/alternatives/lzma	/usr/bin/xz
etc/alternatives/lzma.1.gz	/usr/share/man/man1/xz.1.gz
etc/alternatives/lzmore	/usr/bin/xzmore
etc/alternatives/lzmore.1.gz	/usr/share/man/man1/xzmore.1.gz
etc/alternatives/nawk	/usr/bin/gawk
etc/alternatives/nawk.1.gz	/usr/share/man/man1/gawk.1.gz
etc/alternatives/pager	/usr/bin/less
etc/alternatives/pager.1.gz	/usr/share/man/man1/less.1.gz
etc/alternatives/rmt	/usr/sbin/rmt-tar
etc/alternatives/rmt.8.gz	/usr/share/man/man8/rmt-tar.8.gz
etc/alternatives/unlzma	/usr/bin/unxz
etc/alternatives/unlzma.1.gz	/usr/share/man/man1/unxz.1.gz
etc/alternatives/which	/usr/bin/which.debianutils
etc/alternatives/which.1.gz	/usr/share/man/man1/which.debianutils.1.gz
etc/alternatives/which.de1.gz	/usr/share/man/de/man1/which.debianutils.1.gz
etc/alternatives/which.es1.gz	/usr/share/man/es/man1/which.debianutils.1.gz
etc/alternatives/which.fr1.gz	/usr/share/man/fr/man1/which.debianutils.1.gz
etc/alternatives/which.it1.gz	/usr/share/man/it/man1/which.debianutils.1.gz
etc/alternatives/which.ja1.gz	/usr/share/man/ja/man1/which.debianutils.1.gz
etc/alternatives/which.pl1.gz	/usr/share/man/pl/man1/which.debianutils.1.gz
etc/alternatives/which.sl1.gz	/usr/share/man/sl/man1/which.debianutils.1.gz
etc/default/locale	../locale.conf
etc/dpkg/origins/default	debian
etc/rc2.d/S01rsync	../init.d/rsync
etc/rc3.d/S01rsync	../init.d/rsync
etc/rc4.d/S01rsync	../init.d/rsync
etc/rc5.d/S01rsync	../init.d/rsync
etc/rcS.d/S01procps	../init.d/procps
etc/systemd/system/timers.target.wants/apt-daily-upgrade.timer	/lib/systemd/system/apt-daily-upgrade.timer
etc/systemd/system/timers.target.wants/apt-daily.timer	/lib/systemd/system/apt-daily.timer
etc/systemd/system/timers.target.wants/dpkg-db-backup.timer	/lib/systemd/system/dpkg-db-backup.timer
etc/systemd/system/timers.target.wants/fstrim.timer	/lib/systemd/system/fstrim.timer
etc/systemd/user/sockets.target.wants/ssh-agent.socket	/lib/systemd/user/ssh-agent.socket
usr/bin/awk	/etc/alternatives/awk
usr/bin/lzcat	/etc/alternatives/lzcat
usr/bin/lzcmp	/etc/alternatives/lzcmp
usr/bin/lzdiff	/etc/alternatives/lzdiff
usr/bin/lzegrep	/etc/alternatives/lzegrep
usr/bin/lzfgrep	/etc/alternatives/lzfgrep
usr/bin/lzgrep	/etc/alternatives/lzgrep
usr/bin/lzless	/etc/alternatives/lzless
usr/bin/lzma	/etc/alternatives/lzma
usr/bin/lzmore	/etc/alternatives/lzmore
usr/bin/nawk	/etc/alternatives/nawk
usr/bin/pager	/etc/alternatives/pager
usr/bin/unlzma	/etc/alternatives/unlzma
usr/bin/which	/etc/alternatives/which
usr/sbin/rmt	/etc/alternatives/rmt
